// Vitest Snapshot v1, https://vitest.dev/guide/snapshot.html

exports[`Test the Editor > should render text correctly 1`] = `
<div
  aria-autocomplete="list"
  aria-multiline="true"
  autocapitalize="off"
  autocorrect="off"
  class="cm-content"
  contenteditable="true"
  data-language="markdown"
  role="textbox"
  spellcheck="false"
  style="tab-size: 4"
  translate="no"
>
  <div
    class="cm-activeLine cm-line"
  >
    <br />
  </div>
  <div
    class="cm-line"
  >
    <span
      class="ͼ7 ͼo ͼ5"
    >
      #
    </span>
    <span
      class="ͼ7 ͼo"
    >
       Heading level 1
    </span>
  </div>
  <div
    class="cm-line"
  >
    <span
      class="ͼ7 ͼp ͼ5"
    >
      ##
    </span>
    <span
      class="ͼ7 ͼp"
    >
       Heading level 2
    </span>
  </div>
  <div
    class="cm-line"
  >
    <span
      class="ͼ7 ͼq ͼ5"
    >
      ###
    </span>
    <span
      class="ͼ7 ͼq"
    >
       Heading level 3
    </span>
  </div>
  <div
    class="cm-line"
  >
    <span
      class="ͼ7 ͼr ͼ5"
    >
      ####
    </span>
    <span
      class="ͼ7 ͼr"
    >
       Heading level 4
    </span>
  </div>
  <div
    class="cm-line"
  >
    <span
      class="ͼ7 ͼs ͼ5"
    >
      #####
    </span>
    <span
      class="ͼ7 ͼs"
    >
       Heading level 5
    </span>
  </div>
  <div
    class="cm-line"
  >
    <span
      class="ͼ7 ͼt ͼ5"
    >
      ######
    </span>
    <span
      class="ͼ7 ͼt"
    >
       Heading level 6
    </span>
  </div>
  <div
    class="cm-line"
  >
    <br />
  </div>
  <div
    class="cm-line"
  >
    <br />
  </div>
  <div
    class="cm-line"
  >
    Just 
    <span
      class="ͼa ͼ5"
    >
      ~~
    </span>
    <span
      class="ͼa"
    >
      some
    </span>
    <span
      class="ͼa ͼ5"
    >
      ~~
    </span>
     
    <span
      class="ͼ8 ͼ5"
    >
      _
    </span>
    <span
      class="ͼ8 ͼ9 ͼ5"
    >
      **
    </span>
    <span
      class="ͼ8 ͼ9"
    >
      random
    </span>
    <span
      class="ͼ8 ͼ9 ͼ5"
    >
      **
    </span>
    <span
      class="ͼ8 ͼ5"
    >
      _
    </span>
     
    <span
      class="ͼ9 ͼ5"
    >
      **
    </span>
    <span
      class="ͼ9 ͼ8 ͼ5"
    >
      _
    </span>
    <span
      class="ͼ9 ͼ8"
    >
      text
    </span>
    <span
      class="ͼ9 ͼ8 ͼ5"
    >
      _
    </span>
    <span
      class="ͼ9 ͼ5"
    >
      **
    </span>
     here.
  </div>
  <div
    class="cm-line"
  >
    <br />
  </div>
  <div
    class="cm-line"
  >
    Normal test here for testing. Lorem Ipsum 
  </div>
  <div
    class="cm-line"
  >
    <br />
  </div>
  <div
    class="cm-line"
  >
    <span
      class="ͼ5"
    >
      -
    </span>
     
    <span
      class="ͼc"
    >
      [ ]
    </span>
     Task 1
  </div>
  <div
    class="cm-line"
  >
    <span
      class="ͼ5"
    >
      -
    </span>
     
    <span
      class="ͼc"
    >
      [x]
    </span>
     Task 2
  </div>
  <div
    class="cm-line"
  >
    <br />
  </div>
</div>
`;
